// Jest Snapshot v1, https://goo.gl/fbAQLP

exports[`TransactionResolver transactions success 1`] = `
Array [
  Object {
    "_id": "5ce934e817517d7fb63cc425",
    "after": Object {
      "_id": "5ce934e817517d7fb63cc428",
      "label": "after",
      "type": "text",
    },
    "before": Object {
      "_id": "5ce934e817517d7fb63cc428",
      "label": "before",
      "type": "text",
    },
    "createdAt": 2019-05-25T12:28:24.941Z,
    "line": "5ce934e817517d7fb63cc428",
    "sha512": "sha512",
    "toObject": [Function],
    "type": "line",
    "updatedAt": 2019-05-25T12:28:24.941Z,
    "user": "usertransaction",
  },
]
`;
